[  000000]nializing cgroup subsys cpuset
[    0.000000] Initializingcgroup subsys cpu
[    0.000000] Initializing cgroup subsys cpuacct
[    0.000000] Linux version 4.4.0-116-generic (buildd@lgw01-amd64-021) (gcc version 5.4.0 20160609 (Ubuntu 5.4.0-6ubuntu1~16.04.9) ) #140-Ubuntu SMP Mon Feb 12 21:23:04 UTC 2018 (Ubuntu 4.4.0-116.140-generic 4.4.98)
[    0.000000] Command line: BOOT_IGE=/bot/vin-4.4.0-116-generic root=LBE=coudimg-rotfs ro console=tty1 console=ttyS0
[    0.000000] KERNEL supported cpus:
[    0.000000]   Intel GenuineIntel
[    0.000000]   AMD AuthenticAMD
[    0.000000]   Centaur CentaurHauls
[    0.000000] x86/fpu: xstate_offset[2]:  576, xstate_sizes[2]:  256
[    0.000000] x86/fpu: SupportinXSVE featue 0x01: 'x87 floating point registers'
[    0.000000] x86/fpu: Supporting XSAVE feature 0x02: 'SSE registers'
[    0.000000] x86/fpu: Supporting XSAVE feature 0x04: 'AVX registers'
[    0.000000] x86/fpu: Enabled xstate featus 0x7,coex siz i83byte, in 'stndard' format.
[    0.000000] x86/fpu: Using 'lazy' FPU context switches.
[    0.000000] e820: BIOS-provided physical RAM map:
[    0.000000] BIOS-e820: [mem 0x0000000000000000-0x000000000009fbff] usable
[    0.000000] BIOS-e820: [mem 0x000000000009fc00-0x000000000009ffff] reserved
[    0.000000] BIOS-e820: [mem 0x0000000000-000000000ffff] esrvd
[  0.00000] BIOS-e820: [mem 0x0000000000100000-0x000000003ffeffff] usable
[    0.000000] BIOS-e820: [mem 0x00000003fff0000-0x000000003fffffff] ACPI data[    0.000000] BOS-e0: [mem x00000fec0000x00000f00ff] reerd
[   0.000000] BIOS-e820: [mem 0x00000000fee00000-0x00000000fee00fff] reserved
[    0.000000] BIOS-e820: [mem 0x00000000fffc0000-0x00000000ffffffff] reseed
[  0.0000] NXExecue isableprotection: active
[    0.000000] SMBIOS 2.5 present.
[    0.000000] Hypervisor detected: KVM
[    0.000000] e820: last_pfn = 0x3fff0 max_arch_pfn = 0x400000000
[    0.000000] MTRR: Disabled
[    0.000000] x86/PAT: MTRRs disabled, skipping PAT initialization too.
[    0.000000] CPU MTRRs all blank - virtualized system.
[    0.000000] x86/PAT: Configuration [0-7]: WB  WT  UC- UC  WB  WT  UC- UC  
[    0.000000]found SMP MP-table at [mem 0x0009fff0-0x0009ffff] mapped at [ffff88000009fff0]
[    0.000000] Scnnig 1 areas for low memory corruption
[    0.000000] RAMDISK: [mem 0x36ac2000-0x37558fff]
[    0.000000] ACPI: Early table checksum verification disabled
[    0.000000] ACPI: RSDP 0x00000000000E0000 000024 (v02 VBOX  )
[    0.000000] ACPI: XSDT 0x000000003FFF0030 00003C (v01 VBOX   VBOXXSDT 00000001 ASL  00000061)
[    0.000000] ACPI: FACP 0x000000003FFF00F0 0000F4 (v04 VBOX   VBOXFACP 00000001 ASL  00000061)
[    0.000000] ACPI: DSDT 0x000000003FFF0470 0021FF (v02 VBOX   VBOXBIOS 00000002 INTL 20100528)
[    0.000000] ACPI: FACS 0x000000003FFF0200 000040
[    0.000000] ACPI: FACS 0x000000003FFF0200 000040
[    0.000000] ACPI: APIC 0x000000003FFF0240 00005C (v02 VBOX   VBOXAPIC 00000001 ASL  00000061)
[    0.000000] ACPI: SSDT 0x000000003FFF02A0 0001CC (v01 VBOX   VBOXCPUT 00000002 INTL 20100528)
[    0.000000] No NUMA configuration found
[    0.000000] Faking a node at [mem 0x0000000000000000-0x000000003ffeffff]
[    0.000000] NODE_DATA(0) allocated [mem 0x3ffeb000-0x3ffeffff]
[    0.000000] kvm-clock: Using msrs 4b564d01 and 4b564d00
[    0.000000] kvm-clock: cpu 0, msr 0:3ffe3001, primary cpu clock
[    0.000000] kvm-clock: using sched offset of 3031968476 cycles
[    0.000000] clocksource: kvm-clock: mask: 0xffffffffffffffff max_cycles: 0x1cd42e4dffb, max_idle_ns: 881590591483 ns
[    0.000000] Zone ranges:
[    0.000000]   DMA      [mem 0x0000000000001000-0x0000000000ffffff]
[    0.000000]   DMA32    [mem 0x0000000001000000-0x000000003ffeffff]
[    0.000000]   Normal   empty
[    0.000000]   Device   empty
[    0.000000] Movable zone start for each node
[    0.000000] Early memory node ranges
[    0.000000]   node   0: [mem 0x0000000000001000-0x000000000009efff]
[    0.000000]   node   0: [mem 0x0000000000100000-0x000000003ffeffff]
[    0.000000] Initmem setup node 0 [mem 0x0000000000001000-0x000000003ffeffff]
[    0.000000] ACPI: PM-Timer IO Port: 0x4008
[    0.000000] IOAPIC[0]: apic_id 2, version 32, address 0xfec00000, GSI 0-23
[    0.000000] ACPI: INT_SRC_OVR (bus 0 bus_irq 0 global_irq 2 dfl dfl)
[    0.000000] ACPI: INT_SRC_OVR (bus 0 bus_irq 9 global_irq 9 low level)
[    0.000000] Using ACPI (MADT) for SMP configuration information
[    0.000000] smpboot: Allowing 2 CPUs, 0 hotplug CPUs
[    0.000000] PM: Registered nosave memory: [mem 0x00000000-0x00000fff]
[    0.000000] PM: Registered nosave memory: [mem 0x0009f000-0x0009ffff]
[    0.000000] PM: Registered nosave memory: [mem 0x000a0000-0x000effff]
[    0.000000] PM: Registered nosave memory: [mem 0x000f0000-0x000fffff]
[    0.000000] e820: [mem 0x40000000-0xfebfffff] available for PCI devices
[    0.000000] Booting paravirtualized kernel on KVM
[    0.000000] clocksource: refined-jiffies: mask: 0xffffffff max_cycles: 0xffffffff, max_idle_ns: 7645519600211568 ns
[    0.000000] setup_percpu: NR_CPUS:512 nr_cpumask_bits:512 nr_cpu_ids:2 nr_node_ids:1
[    0.000000] PERCPU: Embedded 34 pages/cpu @ffff88003fc00000 s99544 r8192 d31528 u1048576
[    0.000000] PV qspinlock hash table entries: 256 (order: 0, 4096 bytes)
[    0.000000] Built 1 zonelists in Node order, mobility grouping on.  Total pages: 257913
[    0.000000] Policy zone: DMA32
[    0.000000] Kernel command line: BOOT_IMAGE=/boot/vmlinuz-4.4.0-116-generic root=LABEL=cloudimg-rootfs ro console=tty1 console=ttyS0
[    0.000000] PID hash table entries: 4096 (order: 3, 32768 bytes)
[    0.000000] Memory: 1001688K/1048120K available (8530K kernel code, 1309K rwdata, 3992K rodata, 1508K init, 1316K bss, 46432K reserved, 0K cma-reserved)
[    0.000000] SLUB: HWalign=64, Order=0-3, MinObjects=0, CPUs=2, Nodes=1
[    0.000000] Kernel/User page tables isolation:enled
[    0.000000] Hierarchical RCU implementation.
[    0.000000] 	Build-time adjustment of leaf fanout to 64.
[    0.000000] 	RCU restricting CPUs from NR_CPUS=512 to nr_cpu_ids=2.
[    0.000000] RCU: Adjusting geometry for rcu_fouleaf=64nrpuids=2
[    0.000000] NR_IRQSS:33024 nr_rq44 16[  000000]Coole:courVGA+ 8x2
[   0000]consol [y1] enabled
[    0.000000] console [ttyS0] enabled
[    0.000000] tsc: Detected 2303.998 MHz processor
[    2.107264] Calibrating delay loop (skipped) preset value.. 467.99 BogoMIPS (lpj=9215992)
[    2.168509] pid_max: default: 32768 minimum: 301
[    2.243488] ACPI: Core revision 20150930
[    2.284308] ACPI: 2 ACPI AML tables successfully acquired and loaded
[    2.397579] Security Framework initialized
[    2.447528] Yama: becoming mindful.
[    2.485260] AppArmor: AppArmor initialized
[    2.552634] Dentry cache hash table entries: 131072 (order: 8, 1048576 bytes)
[    2.653098] Inode-cache hash table entries: 65536 (order: 7, 524288 bytes)
[    2.766119] Mount-cache hash table entries: 2048 (order: 2, 16384 bytes)
[    2.852994] Mountpoint-cache hash table entries: 2048 (order: 2, 16384 bytes)
[    2.896163] Initializing cgroup subsys io
[    2.896880] Initializing cgroup subsys memory
[    2.897601] Initializing cgroup subsys devices
[    2.898422] Initializing cgroup subsys freezer
[    2.899316] Initializing cgroup subsys net_cls
[    2.900001] Initializing cgroup subsys perf_event
[    2.900705] Initializing cgroup subsys net_prio
[    2.907671] Initializing cgroup subsys hugetlb
[    2.908358] Initializing cgroup subsys pids
[    2.909079] CPU: Physical Processor ID: 0
[    2.909831] CPU: Processor Core ID: 0
[    2.910542] FEATURE SPEC_CTRL Not Present
[    2.912855] mce: CPU supports 0 MCE banks
[    2.913629] Last level iTLB entries: 4KB 64, 2MB 8, 4MB 8
[    2.914658] Last level dTLB entries: 4KB 64, 2MB 0, 4MB 0, 1GB 4
[    2.915873] Spectre V2 mitigation: Mitigation: Full generic retpoline
[    2.935403] Spectre V2 mitigation: Speculation control IBPB not-supported IBRS not-supported
[    2.996823] Freeing SMP alternatives memory: 32K
[    3.006918] ftrace: allocating 32186 entries in 126 pages
[    3.111065] smpboot: APIC(0) Converting physical 0 to logical package 0
[    3.124992] smpboot: Max logical packages: 1
[    3.161235] x2apic enabled
[    3.162004] Switched APIC routing to physical x2apic.
[    3.163927] ..TIMER: vector=0x30 apic1=0 pin1=2 apic2=-1 pin2=-1
[    3.303649] smpboot: CPU0: Intel(R) Core(TM) i5-7360U CPU @ 2.30GHz (family: 0x6, model: 0x8e, stepping: 0x9)
[    3.315234] Performance Events: unsupported p6 CPU model 142 no PMU driver, software events only.
[    3.317376] KVM setup paravirtual spinlock
[    3.323483] x86: Booting SMP configuration:
[    3.333889] .... node  #0, CPUs:      #1
[    3.334926] kvm-clock: cpu 1, msr 0:3ffe3041, secondary cpu clock
[    3.343603] mce: CPU supports 0 MCE banks
[    3.362251] x86: Booted up 1 node, 2 CPUs
[    3.373176] smpboot: Total of 2 processors activated (9215.99 BogoMIPS)
[    3.381748] devtmpfs: initialized
[    3.388502] evm: security.selinux
[    3.390632] evm: security.SMACK64
[    3.391831] evm: security.SMACK64EXEC
[    3.393169] evm: security.SMACK64TRANSMUTE
[    3.393995] evm: security.SMACK64MMAP
[    3.394705] evm: security.ima
[    3.395478] evm: security.capability
[    3.397536] clocksource: jiffies: mask: 0xffffffff max_cycles: 0xffffffff, max_idle_ns: 7645041785100000 ns
[    3.412810] futex hash table entries: 512 (order: 3, 32768 bytes)
[    3.415867] pinctrl core: initialized pinctrl subsystem
[    3.421493] RTC time:  8:42:54, date: 03/22/18
[    3.426253] NET: Registered protocol family 16
[    3.440031] cpuidle: using governor ladder
[    3.452033] cpuidle: using governor menu
[    3.457554] PCCT header not found.
[    3.458197] ACPI: bus type PCI registered
[    3.462025] acpiphp: ACPI Hot Plug PCI Controller Driver version: 0.5
[    3.474298] PCI: Using configuration type 1 for base access
[    3.488629] ACPI: Added _OSI(Module Device)
[    3.490752] ACPI: Added _OSI(Processor Device)
[    3.491799] ACPI: Added _OSI(3.0 _SCP Extensions)
[    3.492853] ACPI: Added _OSI(Processor Aggregator Device)
[    3.494978] ACPI: Executed 1 blocks of module-level executable AML code
[    3.501888] ACPI: Interpreter enabled
[    3.511540] ACPI: (supports S0 S5)
[    3.514258] ACPI: Using IOAPIC for interrupt routing
[    3.521804] PCI: Using host bridge windows from ACPI; if necessary, use "pci=nocrs" and report a bug
[    3.541169] ACPI: PCI Root Bridge [PCI0] (domain 0000 [bus 00-ff])
[    3.543527] acpi PNP0A03:00: _OSC: OS supports [ASPM ClockPM Segments MSI]
[    3.551448] acpi PNP0A03:00: _OSC: not requesting OS control; OS requires [ExtendedConfig ASPM ClockPM MSI]
[    3.559189] acpi PNP0A03:00: fail to add MMCONFIG information, can't access extended PCI configuration space under this bridge.
[    3.563443] PCI host bridge to bus 0000:00
[    3.566236] pci_bus 0000:00: root bus resource [io  0x0000-0x0cf7 window]
[    3.567591] pci_bus 0000:00: root bus resource [io  0x0d00-0xffff window]
[    3.578160] pci_bus 0000:00: root bus resource [mem 0x000a0000-0x000bffff window]
[    3.592379] pci_bus 0000:00: root bus resource [mem 0x40000000-0xfdffffff window]
[    3.594981] pci_bus 0000:00: root bus resource [bus 00-ff]
[    3.604856] pci 0000:00:01.1: legacy IDE quirk: reg 0x10: [io  0x01f0-0x01f7]
[    3.609240] pci 0000:00:01.1: legacy IDE quirk: reg 0x14: [io  0x03f6]
[    3.614614] pci 0000:00:01.1: legacy IDE quirk: reg 0x18: [io  0x0170-0x0177]
[    3.641445] pci 0000:00:01.1: legacy IDE quirk: reg 0x1c: [io  0x0376]
[    3.665513] pci 0000:00:07.0: quirk: [io  0x4000-0x403f] claimed by PIIX4 ACPI
[    3.675639] pci 0000:00:07.0: quirk: [io  0x4100-0x410f] claimed by PIIX4 SMB
[    3.686041] ACPI: PCI Interrupt Link [LNKA] (IRQs 5 9 10 *11)
[    3.690821] ACPI: PCI Interrupt Link [LNKB] (IRQs 5 9 *10 11)
[    3.692212] ACPI: PCI Interrupt Link [LNKC] (IRQs 5 *9 10 11)
[    3.699557] ACPI: PCI Interrupt Link [LNKD] (IRQs 5 9 10 *11)
[    3.713353] ACPI: Enabled 2 GPEs in block 00 to 07
[    3.724445] vgaarb: setting as boot device: PCI:0000:00:02.0
[    3.734027] vgaarb: device added: PCI:0000:00:02.0,decodes=io+mem,owns=io+mem,locks=none
[    3.767295] vgaarb: loaded
[    3.773642] vgaarb: bridge control possible 0000:00:02.0
[    3.774834] SCSI subsystem initialized
[    3.811648] ACPI: bus type USB registered
[    3.834132] usbcore: registered new interface driver usbfs
[    3.884612] usbcore: registered new interface driver hub
[    3.915115] usbcore: registered new device driver usb
[    3.935929] PCI: Using ACPI for IRQ routing
[    3.951124] NetLabel: Initializing
[    3.958632] NetLabel:  domain hash size = 128
[    3.959493] NetLabel:  protocols = UNLABELED CIPSOv4
[    3.969371] NetLabel:  unlabeled traffic allowed by default
[    3.987073] amd_nb: Cannot enumerate AMD northbridges
[    4.016447] clocksource: Switched to clocksource kvm-clock
[   4.74] pAmo AArorFieste Ebld
[   5867] p: PnP ACPI init
[   4.5346] pnp: PnP ACPI: found 3 devices

[    4.851648] clocksource: acpi_pm: mask: 0xffffff max_cycles: 0xffffff, max_idle_ns: 2085701024 ns
[    4.880258] NET: Registered protocol family 2
[    4.927130] TCP established hash table entries: 8192 (order: 4, 65536 bytes)
[    4.929640] TCP bind hash table entries: 8192 (order: 5, 131072 bytes)
[    4.945849] TCP: Hash tables configured (established 8192 bind 8192)
[    4.948936] UDP hash table entries: 512 (order: 2, 16384 bytes)
[    4.950073] UDP-Lite hash table entries: 512 (order: 2, 16384 bytes)
[    4.952344] NET: Registered protocol family 1
[    4.953200] pci 0000:00:00.0: Limiting direct PCI/PCI transfers
[    4.954288] pci 0000:00:01.0: Activating ISA DMA hang workarounds
[    5.045959] Unpacking initramfs...
[    6.717994] Freeing initrd memory: 10844K
[    6.767435] platform rtc_cmos: registered platform RTC device (no PNP device found)
[    6.798399] Scanning for low memory corruption every 60 seconds
[    6.806391] audit: initializing netlink subsys (disabled)
[    6.811550] audit: type=2000 audit(1521708178.962:1): initialized
[    6.818193] Initialise system trusted keyring
[    6.824160] HugeTLB registered 2 MB page size, pre-allocated 0 pages
[    6.837093] zbud: loaded
[    6.839719] VFS: Disk quotas dquot_6.6.0
[    6.847170] VFS: Dquot-cache hash table entries: 512 (order 0, 4096 bytes)
[    6.855081] squashfs: version 4.0 (2009/01/31) Phillip Lougher
[    6.872676] fuse init (API version 7.23)
[    6.882766] Key type big_key registered
[    6.883517] Allocating IMA MOK and blacklist keyrings.
[    6.905205] Key type asymmetric registered
[    6.935957] Asymmetric key parser 'x509' registered
[    6.975072] Block layer SCSI generic (bsg) driver version 0.4 loaded (major 249)
[    7.002753] io scheduler noop registered
[    7.040327] io scheduler deadline registered (default)
[    7.041438] io scheduler cfq registered
[    7.052647] pci_hotplug: PCI Hot Plug PCI Core version: 0.5
[    7.070435] pciehp: PCI Express Hot Plug Controller Driver version: 0.4
[    7.115663] ACPI: AC Adapter [AC] (on-line)
[    7.171387] input: Power Button as /devices/LNXSYSTM:00/LNXPWRBN:00/input/input0
[    7.241500] ACPI: Power Button [PWRF]
[    7.244846] input: Sleep Button as /devices/LNXSYSTM:00/LNXSLPBN:00/input/input1
[    7.246217] ACPI: Sleep Button [SLPF]
[    7.247193] GHES: HEST is not enabled!
[    7.266312] Serial: 8250/16550 driver, 32 ports, IRQ sharing enabled
[    7.289037] 00:02: ttyS0 at I/O 0x3f8 (irq = 4, base_baud = 115200) is a 16550A
[    7.300409] Linux agpgart interface v0.103
[    7.303183] loop: module loaded
[    7.310572] scsi host0: ata_piix
[    7.332845] scsi host1: ata_piix
[    7.342905] ata1: PATA max UDMA/33 cmd 0x1f0 ctl 0x3f6 bmdma 0xd000 irq 14
[    7.365537] ata2: PATA max UDMA/33 cmd 0x170 ctl 0x376 bmdma 0xd008 irq 15
[    7.369571] libphy: Fixed MDIO Bus: probed
[    7.370344] tun: Universal TUN/TAP device driver, 1.6
[    7.371242] tun: (C) 1999-2004 Max Krasnyansky <maxk@qualcomm.com>
[    7.372339] PPP generic driver version 2.4.2
[    7.373196] ehci_hcd: USB 2.0 'Enhanced' Host Controller (EHCI) Driver
[    7.374301] ehci-pci: EHCI PCI platform driver
[    7.385356] ehci-platform: EHCI generic platform driver
[    7.386287] ohci_hcd: USB 1.1 'Open' Host Controller (OHCI) Driver
[    7.409019] ohci-pci: OHCI PCI platform driver
[    7.409842] ohci-platform: OHCI generic platform driver
[    7.410897] uhci_hcd: USB Universal Host Controller Interface driver
[    7.412635] i8042: PNP: PS/2 Controller [PNP0303:PS2K,PNP0f03:PS2M] at 0x60,0x64 irq 1,12
[    7.466530] serio: i8042 KBD port at 0x60,0x64 irq 1
[    7.513149] serio: i8042 AUX port at 0x60,0x64 irq 12
[    7.524396] mousedev: PS/2 mouse device common for all mice
[    7.573319] rtc_cmos rtc_cmos: rtc core: registered rtc_cmos as rtc0
[    7.653382] rtc_cmos rtc_cmos: alarms up to one day, 114 bytes nvram
[    7.745616] i2c /dev entries driver
[    7.819342] tsc: Refined TSC clocksource calibration: 2304.584 MHz
[    7.845921] clocksource: tsc: mask: 0xffffffffffffffff max_cycles: 0x21381f67e59, max_idle_ns: 440795279352 ns
[    7.846006] device-mapper: uevent: version 1.0.3
[    7.846076] device-mapper: ioctl: 4.34.0-ioctl (2015-10-28) initialised: dm-devel@redhat.com
[    7.846097] ledtrig-cpu: registered to indicate activity on CPUs
[    7.846309] NET: Registered protocol family 10
[    7.846421] NET: Registered protocol family 17
[    7.846432] Key type dns_resolver registered
[    7.846544] microcode: CPU0 sig=0x806e9, pf=0x2, revision=0x0
[    7.849983] microcode: CPU1 sig=0x806e9, pf=0x2, revision=0x0
[    7.850069] microcode: Microcode Update Driver: v2.01 <tigran@aivazian.fsnet.co.uk>, Peter Oruba
[    7.850251] registered taskstats version 1
[    7.850264] Loading compiled-in X.509 certificates
[    7.850748] Loaded X.509 cert 'Build time autogenerated kernel key: aa84f01984fbd529c105810b59e379d349698248'
[    7.850769] zswap: loaded using pool lzo/zbud
[    7.851926] Key type trusted registered
[    7.854454] Key type encrypted registered
[    7.854461] AppArmor: AppArmor sha1 policy hashing enabled
[    7.854464] ima: No TPM chip found, activating TPM-bypass!
[    7.854482] evm: HMAC attrs: 0x1
[    7.854812]   Magic number: 10:166:726
[    7.854821] block loop6: hash matches
[    7.926966] rtc_cmos rtc_cmos: setting system clock to 2018-03-22 08:42:58 UTC (1521708178)
[    7.927065] BIOS EDD facility v0.16 2004-Jun-25, 0 devices found
[    7.927066] EDD information not available.
[    9.78892]np:  Translate S 2eyoa a/dvieslaori82/ri/iutnp2
[   10.639320] Freeing unused kernel memory: 1508K
[   10.849252] Write protecting the kernel read-only data: 14336k
[   10.918630] Freeing unused kernel memory: 1700K
[   10.919621] Freeing unused kernel memory: 104K
Loading, please [   10.931867] random: systemd-udevd: uninitialized urandom read (16 bytes read, 5 bits of entropy available)
wait...
startin[   10.932525] random: udevadm: uninitialized urandom read (16 bytes read, 5 bits of entropy available)
g version 229
[   10.932539] random: udevadm: uninitialized urandom read (16 bytes read, 5 bits of entropy available)
[   10.939684] random: udevadm: uninitialized urandom read (16 bytes read, 5 bits of entropy available)
[   10.939728] random: udevadm: uninitialized urandom read (16 bytes read, 5 bits of entropy available)
[   10.939854] random: udevadm: uninitialized urandom read (16 bytes read, 5 bits of entropy available)
[   10.939905] random: udevadm: uninitialized urandom read (16 bytes read, 5 bits of entropy available)
[   10.939950] random: udevadm: uninitialized urandom read (16 bytes read, 5 bits of entropy available)
[   10.939998] random: udevadm: uninitialized urandom read (16 bytes read, 5 bits of entropy available)
[   10.940045] random: udevadm: uninitialized urandom read (16 bytes read, 5 bits of entropy available)
[   11.970641] e1000: Intel(R) PRO/1000 Network Driver - version 7.3.21-k8-NAPI
[   11.985607] e1000: Copyright (c) 1999-2006 Intel Corporation.
[   11.988212] Fusion MPT base driver 3.04.20
[   12.056990] Copyright (c) 1999-2008 LSI Corporation
[   12.100838] Fusion MPT SPI Host driver 3.04.20
[   12.169636] AVX2 version of gcm_enc/dec engaged.
[   12.238528] AES CTR mode by8 optimization enabled
[   12.362722] input: ImExPS/2 Generic Explorer Mouse as /devices/platform/i8042/serio1/input/input4
[   12.649277] e1000 0000:00:03.0 eth0: (PCI:33MHz:32-bit) 02:ec:c5:86:c8:d5
[   12.679710] e1000 0000:00:03.0 eth0: Intel(R) PRO/1000 Network Connection
[   12.721757] mptbase: ioc0: Initiating bringup
[   12.845679] ioc0: LSI53C1030 A0: Capabilities={Initiator}
[   13.237018] scsi host2: ioc0: LSI53C1030 A0, FwRev=00000000h, Ports=1, MaxQ=256, IRQ=20
[   14.385706] scsi 2:0:0:0: Direct-Access     VBOX     HARDDISK         1.0  PQ: 0 ANSI: 5
[   14.432728] scsi target2:0:0: Beginning Domain Validation
[   14.437560] scsi target2:0:0: Domain Validation skipping write tests
[   14.438638] scsi target2:0:0: Ending Domain Validation
[   14.439516] scsi target2:0:0: asynchronous
[   14.444964] scsi 2:0:1:0: Direct-Access     VBOX     HARDDISK         1.0  PQ: 0 ANSI: 5
[   14.455849] scsi target2:0:1: Beginning Domain Validation
[   14.459765] scsi target2:0:1: Domain Validation skipping write tests
[   14.461815] scsi target2:0:1: Ending Domain Validation
[   14.463930] scsi target2:0:1: asynchronous
[   14.477191] sd 2:0:0:0: Attached scsi generic sg0 type 0
[   14.479566] sd 2:0:1:0: Attached scsi generic sg1 type 0
[   14.481852] sd 2:0:0:0: [sda] 20971520 512-byte logical blocks: (10.7 GB/10.0 GiB)
[   14.483404] sd 2:0:1:0: [sdb] 20480 512-byte logical blocks: (10.5 MB/10.0 MiB)
[   14.496810] sd 2:0:0:0: [sda] Write Protect is off
[   14.499712] sd 2:0:0:0: [sda] Incomplete mode parameter data
[   14.508304] sd 2:0:0:0: [sda] Assuming drive cache: write through
[   14.515992] sd 2:0:1:0: [sdb] Write Protect is off
[   14.516932] sd 2:0:1:0: [sdb] Incomplete mode parameter data
[   14.517783] sd 2:0:1:0: [sdb] Assuming drive cache: write through
[   14.520589]  sda: sda1
[   14.522996] sd 2:0:1:0: [sdb] Attached SCSI disk
[   14.524304] sd 2:0:0:0: [sda] Attached SCSI disk
[   14.746075] e1000 0000:00:08.0 eth1: (PCI:33MHz:32-bit) 08:00:27:a5:f5:5b
[   14.825379] e1000 0000:00:08.0 eth1: Intel(R) PRO/1000 Network Connection
[   14.850213] e1000 0000:00:03.0 enp0s3: renamed from eth0
[   14.913127] e1000 0000:00:08.0 enp0s8: renamed from eth1
[   15.105071] floppy0: no floppy controllers found
Begin: Loading e[   16.400482] md: linear personality registered for level -1
ssential drivers ... [   16.527847] md: multipath personality registered for level -4
[   16.549581] md: raid0 personality registered for level 0
[   16.627275] md: raid1 personality registered for level 1
[   16.772595] raid6: sse2x1   gen() 10392 MB/s
[   16.908537] raid6: sse2x1   xor()  6863 MB/s
[   17.017002] raid6: sse2x2   gen() 13855 MB/s
[   17.132778] raid6: sse2x2   xor() 10394 MB/s
[   17.252664] raid6: sse2x4   gen() 17414 MB/s
[   17.372629] raid6: sse2x4   xor() 11887 MB/s
[   17.488709] raid6: avx2x1   gen() 25045 MB/s
[   17.616503] raid6: avx2x2   gen() 27086 MB/s
[   17.736609] raid6: avx2x4   gen() 31420 MB/s
[   17.788751] raid6: using algorithm avx2x4 gen() 31420 MB/s
[   17.854402] raid6: using avx2x2 recovery algorithm
[   17.925781] xor: automatically using best checksumming function:
[   18.100733]    avx       : 35986.000 MB/sec
[   18.255446] async_tx: api initialized (async)
[   18.372930] md: raid6 personality registered for level 6
[   18.604955] md: raid5 personality registered for level 5
[   18.694874] md: raid4 personality registered for level 4
[   18.714673] md: raid10 personality registered for level 10
done.
Begin: Running /scripts/i[   18.802128] Btrfs loaded
nit-premount ... done.
Begin: Mounting root file system ... Begin: Running /scripts/local-top ... done.
Begin: Running /scripts/local-premount ... Scanning for Btrfs filesystems
done.
Warning: fsck not present, so skipping root file system
[   18.846165] EXT4-fs (sda1): mounted filesystem with ordered data mode. Opts: (null)
done.
Begin: Running /scripts/local-bottom ... done.
Begin: Running /scripts/init-bottom ... done.
[   18.976069] systemd[1]: systemd 229 running in system mode. (+PAM +AUDIT +SELINUX +IMA +APPARMOR SSMACK +SYSVINIT +UTMP +LIBCRYPTSETUP +GCRYPT +GNUTLS +ACL +XZ -LZ4 +SECCOMP +BLKID +ELFUTILS +KMOD -IDN)
[   19.535098] systemd[1]: Detected virtualization oracle.
[   19.648163] systemd[1]: Detected architecture x86-64.

Welcome to [1mUbuntu 16.04.4 LTS[0m!

[   19.713151] systemd[1]: Set hostname to <ubuntu>.
[   19.766704] systemd[1]: Initializing machine ID from random generator.
[   19.793455] systemd[1]: Installed transient /etc/machine-id file.
[   19.891123] systemd[1]: Listening on /dev/initctl Compatibility Named Pipe.
[[0;32m  OK  [0m] Listening on /dev/initctl Compatibility Named Pipe.
[   19.957082] systemd[1]: Listening on udev Control Socket.
[[0;32m  OK  [0m] Listening on udev Control Socket.
[   20.073430] systemd[1]: Listening on udev Kernel Socket.
[[0;32m  OK  [0m] Listening on udev Kernel Socket.
[   20.141046] systemd[1]: Listening on LVM2 poll daemon socket.
[[0;32m  OK  [0m] Listening on LVM2 poll daemon socket.
[   20.216869] systemd[1]: Reached target User and Group Name Lookups.
[[0;32m  OK  [0m] Reached target User and Group Name Lookups.
[   20.337156] systemd[1]: Started Trigger resolvconf update for networkd DNS.
[[0;32m  OK  [0m] Started Trigger resolvconf update for networkd DNS.
[   20.417094] systemd[1]: Listening on Journal Audit Socket.
[[0;32m  OK  [0m] Listening on Journal Audit Socket.
[   20.561418] systemd[1]: Set up automount Arbitrary Executable File Formats File System Automount Point.
[[0;32m  OK  [0m] Set up automount Arbitrary Executab...ats File System Automount Point.
[   20.868820] systemd[1]: Started Forward Password Requests to Wall Directory Watch.
[[0;32m  OK  [0m] Started Forward Password Requests to Wall Directory Watch.
[   20.902784] systemd[1]: Created slice System Slice.
[[0;32m  OK  [0m] Created slice System Slice.
[   21.014794] systemd[1]: Created slice system-serial\x2dgetty.slice.
[[0;32m  OK  [0m] Created slice system-serial\x2dgetty.slice.
[   21.252927] systemd[1]: Listening on Device-mapper event daemon FIFOs.
[[0;32m  OK  [0m] Listening on Device-mapper event daemon FIFOs.
[   21.341895] systemd[1]: Created slice User and Session Slice.
[[0;32m  OK  [0m] Created slice User and Session Slice.
[   21.433471] systemd[1]: Reached target Slices.
[[0;32m  OK  [0m] Reached target Slices.
[   21.572924] systemd[1]: Reached target Encrypted Volumes.
[[0;32m  OK  [0m] Reached target Encrypted Volumes.
[   21.713110] systemd[1]: Listening on Syslog Socket.
[[0;32m  OK  [0m] Listening on Syslog Socket.
[   21.789190] systemd[1]: Listening on Journal Socket.
[[0;32m  OK  [0m] Listening on Journal Socket.
[   21.917022] systemd[1]: Starting Create list of required static device nodes for the current kernel...
[   21.917430] random: nonblocking pool is initialized
         Starting Create list of required st... nodes for the current kernel...
[   21.972112] systemd[1]: Starting Nameserver information manager...
         Starting Nameserver information manager...
[   22.069342] systemd[1]: Mounting POSIX Message Queue File System...
         Mounting POSIX Message Queue File System...
[   22.204645] systemd[1]: Mounting Debug File System...
         Mounting Debug File System...
[   22.273239] systemd[1]: Starting Load Kernel Modules...
         Startin[   22.277721] Loading iSCSI transport class v2.0-870.
g Load Kernel Mo[   23.281371] iscsi: registered transport (tcp)
dules...
[   23.327666] systemd[1]: Starting Set console keymap...
         Startin[   23.363333] iscsi: registered transport (iser)
g Set console keymap...
[   23.373636] systemd[1]: Starting Remount Root and Kernel File Systems...
[   23.379534] EXT4-fs (sda1): re-mounted. Opts: (null)
         Starting Remount Root and Kernel File Systems...
[   23.441810] systemd[1]: Listening on Journal Socket (/dev/log).
[[0;32m  OK  [0m] Listening on Journal Socket (/dev/log).
[   23.596957] systemd[1]: Starting Journal Service...
         Starting Journal Service...
[   23.749300] systemd[1]: Reached target Swap.
[[0;32m  OK  [0m] Reached target Swap.
[   23.905025] systemd[1]: Starting Uncomplicated firewall...
         Starting Uncomplicated firewall...
[   24.073368] systemd[1]: Listening on LVM2 metadata daemon socket.
[[0;32m  OK  [0m] Listening on LVM2 metadata daemon socket.
[   24.108861] systemd[1]: Starting Monitoring of LVM2 mirrors, snapshots etc. using dmeventd or progress polling...
         Starting Monitoring of LVM2 mirrors... dmeventd or progress polling...
[   24.220650] systemd[1]: Mounting Huge Pages File System...
         Mounting Huge Pages File System...
[   24.417837] systemd[1]: Mounted Huge Pages File System.
[[0;32m  OK  [0m] Mounted Huge Pages File System.
[   24.480968] systemd[1]: Mounted POSIX Message Queue File System.
[[0;32m  OK  [0m] Mounted POSIX Message Queue File System.
[   24.604839] systemd[1]: Mounted Debug File System.
[[0;32m  OK  [0m] Mounted Debug File System.
[   24.849617] systemd[1]: Started Journal Service.
[[0;32m  OK  [0m] Started Journal Service.
[[0;32m  OK  [0m] Started Create list of required sta...ce nodes for the current kernel.
[[0;32m  OK  [0m] Started Load Kernel Modules.
[[0;32m  OK  [0m] Started Set console keymap.
[[0;32m  OK  [0m] Started Remount Root and Kernel File Systems.
[[0;32m  OK  [0m] Started Uncomplicated firewall.
[[0;32m  OK  [0m] Started Nameserver information manager.
[[0;32m  OK  [0m] Started LVM2 metadata daemon.
         Starting Load/Save Random Seed...
         Starting Initial cloud-init job (pre-networking)...
         Starting udev Coldplug all Devices...
         Mounting FUSE Control File System...
         Starting Apply Kernel Variables...
         Starting Create Static Device Nodes in /dev...
         Starting Flush Journal to Persistent Storage...
[[0;32m  OK  [0m] Mounted FUSE Control File System.
[[0;32m  OK  [0m] Started Load/Save Random Seed.
[[0;32m  OK  [0m] Started Apply Kernel Variables.
[[0;32m  OK  [0m] Started Create Static Device Nodes in /dev.
[[0;32m  OK  [0m] Started Monitoring of LVM2 mirrors,...ng dmeventd or progress polling.
[   22.363390] cloud-init[441]: Cloud-init v. 17.2 running 'init-local' at Thu, 22 Mar 2018 08:43:16 +0000. Up 22.20 seconds.
[[0;32m  OK  [0m] Started udev Coldplug all Devices.
[[0;32m  OK  [0m] Started Initial cloud-init job (pre-networking).
[[0;32m  OK  [0m] Started Flush Journal to Persistent Storage.
[[0;32m  OK  [0m] Reached target Network (Pre).
         Starting udev Kernel Device Manager...
[[0;32m  OK  [0m] Started udev Kernel Device Manager.
[[0;32m  OK  [0m] Started Dispatch Password Requests to Console Directory Watch.
[[0;32m  OK  [0m] Reached target Local File Systems (Pre).
[[0;32m  OK  [0m] Reached target Local File Systems.
         Starting Commit a transient machine-id on disk...
         Starting Create Volatile Files and Directories...
         Starting Set console font and keymap...
         Starting Tell Plymouth To Write Out Runtime Data...
         Starting LSB: AppArmor initialization...
[[0;32m  OK  [0m] Started Commit a transient machine-id on disk.
[[0;32m  OK  [0m] Started Create Volatile Files and Directories.
[[0;32m  OK  [0m] Started Tell Plymouth To Write Out Runtime Data.
[[0;32m  OK  [0m] Found device /dev/ttyS0.
[[0;32m  OK  [0m] Started Set console font and keymap.
[[0;32m  OK  [0m] Listening on Load/Save RF Kill Switch Status /dev/rfkill Watch.
[[0;32m  OK  [0m] Created slice system-getty.slice.
[[0;32m  OK  [0m] Reached target System Time Synchronized.
         Starting Update UTMP about System Boot/Shutdown...
[[0;32m  OK  [0m] Started Update UTMP about System Boot/Shutdown.
[[0;32m  OK  [0m] Started LSB: AppArmor initialization.
         Starting Raise network interfaces...
[[0;32m  OK  [0m] Started ifup for enp0s3.
[[0;32m  OK  [0m] Started Raise network interfaces.
         Starting Initial cloud-init job (metadata service crawler)...
[[0;32m  OK  [0m] Reached target Network.
[   26.746214] cloud-init[965]: Cloud-init v. 17.2 running 'init' at Thu, 22 Mar 2018 08:43:20 +0000. Up 26.31 seconds.
[   26.765422] cloud-init[965]: ci-info: ++++++++++++++++++++++++++++++++++++++Net device info++++++++++++++++++++++++++++++++++++++
[   26.769513] cloud-init[965]: ci-info: +--------+-------+----------------------------+---------------+-------+-------------------+
[   26.773513] cloud-init[965]: ci-info: | Device |   Up  |          Address           |      Mask     | Scope |     Hw-Address    |
[   26.929049] cloud-init[965]: ci-info: +--------+-------+----------------------------+---------------+-------+-------------------+
[   26.929419] cloud-init[965]: ci-info: | enp0s3 |  True |         10.0.2.15          | 255.255.255.0 |   .   | 02:ec:c5:86:c8:d5 |
[[0;32m  OK  [0m] Started Initial cloud-init job (metadata service crawler).
[   26.929590] cloud-init[965]: ci-info: | enp0s3 |  True | fe80::ec:c5ff:fe86:c8d5/64 |       .       |  link | 02:ec:c5:86:c8:d5 |
[   27.209208] cloud-init[965]: ci-info: | enp0s8 | False |             .              |       .       |   .   | 08:00:27:a5:f5:5b |
[   27.209566] cloud-init[965]: ci-info: |   lo   |  True |         127.0.0.1          |   255.0.0.0   |   .   |         .         |
[[0;32m  OK  [0m] Reached target Cloud-config availability.
[[   27.209923] cloud-init[965]: ci-info: |   lo   |  True |          ::1/128           |       .       |  host |         .         |
[   27.557010] cloud-init[965]: ci-info: +--------+-------+----------------------------+---------------+-------+-------------------+
[0;32m  OK  [0m] Reached target System Initialization.
[   27.557181] cloud-init[965]: ci-info: +++++++++++++++++++++++++++Route IPv4 info++++++++++++++++++++++++++++
[   28.077897] cloud-init[965]: ci-info: +-------+-------------+----------+---------------+-----------+-------+
[   28.078147] cloud-init[965]: ci-info: | Route | Destination | Gateway  |    Genmask    | Interface | Flags |
[[0;32m  OK  [0m] Started ACPI Events Check.
[[   28.078279] cloud-init[965]: ci-info: +-------+-------------+----------+---------------+-----------+-------+
[   28.273411] cloud-init[965]: ci-info: |   0   |   0.0.0.0   | 10.0.2.2 |    0.0.0.0    |   enp0s3  |   UG  |
[0;32m  OK  [0m] Reached target Paths.
[[   28.273549] cloud-init[965]: ci-info: |   1   |   10.0.2.0  | 0.0.0.0  | 255.255.255.0 |   enp0s3  |   U   |
[   28.326537] cloud-init[965]: ci-info: +-------+-------------+----------+---------------+-----------+-------+
[   28.326669] cloud-init[965]: Generating public/private rsa key pair.
[   28.326799] cloud-init[965]: Your identification has been saved in /etc/ssh/ssh_host_rsa_key.
[   28.326953] cloud-init[965]: Your public key has been saved in /etc/ssh/ssh_host_rsa_key.pub.
[   28.327098] cloud-init[965]: The key fingerprint is:
[   28.327246] cloud-init[965]: SHA256:OAXHhHqbtfDb7nq6UUOUdjakCchiHwNV17LW2HbvxmY root@ubuntu-xenial
[   28.327397] cloud-init[965]: The key's randomart image is:
[0;32m  OK  [0m] Started Daily Cleanup of Temporary Directories.
[[   28.327787] cloud-init[965]: +---[RSA 2048]----+
[   29.155936] cloud-init[965]: |    .+o*= o+.    |
[0;32m  OK  [0m] Started Daily apt download activities.
[[   29.156062] cloud-init[965]: |    o *o.++o=    |
[   29.223199] cloud-init[965]: |   . + o..+O .   |
[0;32m  OK  [0m] Started Daily apt upgrade and clean activities.
[[   29.223316] cloud-init[965]: |    . +o..+ + .  |
[   29.401910] cloud-init[965]: |     .o*Soo. . . |
[   29.402089] cloud-init[965]: |      o.o. .    .|
[   29.402249] cloud-init[965]: |        .o     o |
[   29.402395] cloud-init[965]: |        ..o     E|
[   29.402545] cloud-init[965]: |        +Bo    + |
[   29.402698] cloud-init[965]: +----[SHA256]-----+
[   29.402849] cloud-init[965]: Generating public/private dsa key pair.
[   29.403007] cloud-init[965]: Your identification has been saved in /etc/ssh/ssh_host_dsa_key.
[   29.403154] cloud-init[965]: Your public key has been saved in /etc/ssh/ssh_host_dsa_key.pub.
[   29.403303] cloud-init[965]: The key fingerprint is:
[0;32m  OK  [0m] Listening on D-Bus System Message Bus Socket.
[[   29.403497] cloud-init[965]: SHA256:ZBP2yfkRPXO0zTZpdzo60ReLTV9xzOB0Zpgg0kEhS54 root@ubuntu-xenial
[   30.002953] cloud-init[965]: The key's randomart image is:
[   30.003069] cloud-init[965]: +---[DSA 1024]----+
[   30.003216] cloud-init[965]: |        *o=ooooO*|
[   30.003368] cloud-init[965]: |       + O.+ +*=X|
[   30.003516] cloud-init[965]: |        E = . .@B|
[   30.003665] cloud-init[965]: |       o . . o=oO|
[0;32m  OK  [0m] Listening on ACPID Listen Socket.
[[   30.003832] cloud-init[965]: |        S   o.+oo|
[   30.379245] cloud-init[965]: |             o o |
[   30.379365] cloud-init[965]: |            o    |
[   30.379512] cloud-init[965]: |             .   |
[   30.379655] cloud-init[965]: |                 |
[   30.379807] cloud-init[965]: +----[SHA256]-----+
[   30.379954] cloud-init[965]: Generating public/private ecdsa key pair.
[   30.380269] cloud-init[965]: Your identification has been saved in /etc/ssh/ssh_host_ecdsa_key.
[   30.380413] cloud-init[965]: Your public key has been saved in /etc/ssh/ssh_host_ecdsa_key.pub.
[   30.380560] cloud-init[965]: The key fingerprint is:
[   30.380708] cloud-init[965]: SHA256:jqArKZnjtYjUThT+kdG9zyg/ryvP+lNLNZCueO1EP/s root@ubuntu-xenial
[   30.380856] cloud-init[965]: The key's randomart image is:
[   30.381004] cloud-init[965]: +---[ECDSA 256]---+
[   30.381173] cloud-init[965]: |            .    |
[   30.381314] cloud-init[965]: |      . .  o     |
[   30.381465] cloud-init[965]: |   . . . .. .    |
[   30.381611] cloud-init[965]: |  . . o   .o o   |
[   30.381759] cloud-init[965]: |   o.o  S.+ o .  |
[   30.381907] cloud-init[965]: |  o....+ o+= o   |
[   30.382055] cloud-init[965]: | =.+ ...o.=o. o  |
[   30.382202] cloud-init[965]: |X =..  .+o o .   |
[   30.382351] cloud-init[965]: |+=.o   .=B*.  .E |
[   30.382499] cloud-init[965]: +----[SHA256]-----+
[   30.382646] cloud-init[965]: Generating public/private ed25519 key pair.
[   30.382796] cloud-init[965]: Your identification has been saved in /etc/ssh/ssh_host_ed25519_key.
[0;32mm OK  [0m] Listening on UUID daemon activation socket.
[   30.382998] cloud-init[965]: Your public key has been saved in /etc/ssh/ssh_host_ed25519_key.pub.
[   31.518125] cloud-init[965]: The key fingerprint is:
[   31.518348] cloud-init[965]: SHA256:djoACYqg442fHK1diCHaAKGve7nGF8koFHFSQsu2LXs root@ubuntu-xenial
         Starting LXD - unix socket.
[   31.518484] cloud-init[965]: The key's randomart image is:
[   31.596594] cloud-init[965]: +--[ED25519 256]--+
[   31.596876] cloud-init[965]: |=*+o             |
[[0;32m  OK  [0m] Started Timer to automatically refresh installed snaps.
[[   31.597010] cloud-init[965]: |Bo=. .           |
[   31.771521] cloud-init[965]: |B=..o            |
[0;32m  OK  [0m] Reached target Timers.
         Starting Socket activation for snappy daemon.
[[0;32m  OK  [0m] Reached target Network is Online.
[   31.771614] cloud-init[965]: |+** +..          |
[   31.892410] cloud-init[965]: |o=oB +..S .      |
[   31.892691] cloud-init[965]: |..* O .o o       |
         Starting iSCSI initiator daemon (iscsid)...
[   31.892839] cloud-init[965]: |.+ E o  o        |
[   32.022771] cloud-init[965]: | .* .    .       |
[[0;32m  OK  [0m] Listening on LXD - unix socket.
[[   32.023397] cloud-init[965]: |.o.o             |
[   32.101184] cloud-init[965]: +----[SHA256]-----+
[0;32m  OK  [0m] Listening on Socket activation for snappy daemon.
[[0;32m  OK  [0m] Started iSCSI initiator daemon (iscsid).
         Starting Login to default iSCSI targets...
[[0;32m  OK  [0m] Reached target Sockets.
[[0;32m  OK  [0m] Reached target Basic System.
         Starting System Logging Service...
[[0;32m  OK  [0m] Started D-Bus System Message Bus.
         Starting Accounts Service...
[[0;32m  OK  [0m] Started Deferred execution scheduler.
         Starting LSB: MD monitoring daemon...
[[0;32m  OK  [0m] Started FUSE filesystem for LXC.
         Starting Pollinate to seed the pseudo random number generator...
[[0;32m  OK  [0m] Started Regular background program processing daemon.
[[0;32m  OK  [0m] Started Unattended Upgrades Shutdown.
         Starting Login Service...
         Starting Apply the settings specified in cloud-config...
[[0;32m  OK  [0m] Started ACPI event daemon.
         Starting /etc/rc.local Compatibility...
         Starting Snappy daemon...
         Starting LSB: Record successful boot for GRUB...
         Starting LXD - container startup/shutdown...
[[0;32m  OK  [0m] Started System Logging Service.
[[0;32m  OK  [0m] Started /etc/rc.local Compatibility.
[[0;32m  OK  [0m] Started Snappy daemon.
[[0;32m  OK  [0m] Started LXD - container startup/shutdown.
[[0;32m  OK  [0m] Started Login to default iSCSI targets.
[[0;32m  OK  [0m] Started LSB: MD monitoring daemon.
         Starting Authenticate and Authorize Users to Run Privileged Tasks...
[[0;32m  OK  [0m] Reached target Remote File Systems (Pre).
[[0;32m  OK  [0m] Reached target Remote File Systems.
         Starting LSB: Set the CPU Frequency Scaling governor to "ondemand"...
         Starting LSB: daemon to balance interrupts for SMP systems...
         Starting LSB: automatic crash report generation...
         Starting LSB: VirtualBox Linux Additions...
         Starting Permit User Sessions...
[[0;32m  OK  [0m] Started Pollinate to seed the pseudo random number generator.
[[0;32m  OK  [0m] Started LSB: Record successful boot for GRUB.
[[0;32m  OK  [0m] Started Permit User Sessions.
[[0;32m  OK  [0m] Started Login Service.
[[0;32m  OK  [0m] Started Authenticate and Authorize Users to Run Privileged Tasks.
[[0;32m  OK  [0m] Started Accounts Service.
[[0;32m  OK  [0m] Started LSB: Set the CPU Frequency Scaling governor to "ondemand".
[[0;32m  OK  [0m] Started LSB: daemon to balance interrupts for SMP systems.
[   33.131833] cloud-init[1123]: Generating locales (this might take a while)...
         Starting Terminate Plymouth Boot Screen...
         Starting Hold until boot process finishes up...
         Starting OpenBSD Secure Shell server...
[[0;32m  OK  [0m] Started OpenBSD Secure Shell server.
[[0;32m  OK  [0m] Started LSB: automatic crash report generation.
[[0;32m  OK  [0m] Started LSB: VirtualBox Linux Additions.
[[0;32m  OK  [0m] Started Terminate Plymouth Boot Screen.
[[0;32m  OK  [0m] Started Hold until boot process finishes up.
[[0;32m  OK  [0m] Started Getty on tty1.
         Starting Set console scheme...
[[0;32m  OK  [0m] Started Serial Getty on ttyS0.
[[0;32m  OK  [0m] Reached target Login Prompts.
[[0;32m  OK  [0m] Reached target Multi-User System.
[[0;32m  OK  [0m] Reached target Graphical Interface.
         Starting Update UTMP about System Runlevel Changes...
[[0;32m  OK  [0m] Started Set console scheme.
[[0;32m  OK  [0m] Started Update UTMP about System Runlevel Changes.
[[0;32m  OK  [0m] Created slice User Slice of vagrant.
         Starting User Manager for UID 1000...
[[0;32m  OK  [0m] Started Session 1 of user vagrant.
[[0;32m  OK  [0m] Started User Manager for UID 1000.
[   33.866996] cloud-init[1123]:   en_US.UTF-8... done
[   33.880785] cloud-init[1123]: Generation complete.
[   34.084834] cloud-init[1123]: Cloud-init v. 17.2 running 'modules:config' at Thu, 22 Mar 2018 08:43:27 +0000. Up 32.94 seconds.
[[0;32m  OK  [0m] Started Apply the settings specified in cloud-config.
         Starting Execute cloud user/final scripts...
ci-info: no authorized ssh keys fingerprints found for user ubuntu.
<14>Mar 22 08:43:28 ec2: 
<14>Mar 22 08:43:28 ec2: #############################################################
<14>Mar 22 08:43:28 ec2: -----BEGIN SSH HOST KEY FINGERPRINTS-----
<14>Mar 22 08:43:28 ec2: 1024 SHA256:ZBP2yfkRPXO0zTZpdzo60ReLTV9xzOB0Zpgg0kEhS54 root@ubuntu-xenial (DSA)
<14>Mar 22 08:43:28 ec2: 256 SHA256:jqArKZnjtYjUThT+kdG9zyg/ryvP+lNLNZCueO1EP/s root@ubuntu-xenial (ECDSA)
<14>Mar 22 08:43:28 ec2: 256 SHA256:djoACYqg442fHK1diCHaAKGve7nGF8koFHFSQsu2LXs root@ubuntu-xenial (ED25519)
<14>Mar 22 08:43:28 ec2: 2048 SHA256:OAXHhHqbtfDb7nq6UUOUdjakCchiHwNV17LW2HbvxmY root@ubuntu-xenial (RSA)
<14>Mar 22 08:43:28 ec2: -----END SSH HOST KEY FINGERPRINTS-----
<14>Mar 22 08:43:28 ec2: #############################################################
-----BEGIN SSH HOST KEY KEYS-----
ecdsa-sha2-nistp256 AAAAE2VjZHNhLXNoYTItbmlzdHAyNTYAAAAIbmlzdHAyNTYAAABBBM8ADubXLJsz2purSzAg+vOgtg466X5ZP8gpKK0ExigPlBT/X1ZstooMkl6VVmnT7oS8wq1HCZ1O8OYdKUZ/rDM= root@ubuntu-xenial
ssh-ed25519 AAAAC3NzaC1lZDI1NTE5AAAAIHYRZBnMvjTtIrb0Yg6nO/fNyxozSJyY4z8CDLiVSL6b root@ubuntu-xenial
ssh-rsa AAAAB3NzaC1yc2EAAAADAQABAAABAQCmt8lUUpeHxJ8rYUGidkbqs5fAtyw2P0ok/6FKZIQ0Z5XXlR9s398jyylIVh5KXFWGPIEWqb7KRzUTyucdoUaDBHZ953H3Z1gkIKS8P4jcEPF94d4V1AFtbStr0EkTQXLz9fD8KQg4MGOm+O/utyXzIaRC/zBnQNvHYEDdP8uZ1c1CYoNc82COaHo7a3+5mDIfhSsbZvQOSyhHbjFvzE3XBL0KBcaipSmVpl1bf3wfnTAYr0HbNl2Os+viT0iDZ8f8xWieiZoMllkxrA+Sp2n3aTbAZkjtmweqtPX2bYVprpW6kkWPFQZtFwE9WBRSJ9C8Hff0uJ9d+JhQV8ULCe65 root@ubuntu-xenial
-----END SSH HOST KEY KEYS-----
[   34.723870] cloud-init[1384]: Cloud-init v. 17.2 running 'modules:final' at Thu, 22 Mar 2018 08:43:28 +0000. Up 34.40 seconds.
[   34.788369] [cloud-init[0;32m  OK  [0m[1384]: ] ci-info: no authorized ssh keys fingerprints found for user ubuntu.Started Execute cloud user/final scripts.

[   34.789262] cloud-init[1384]: Cloud-init v. 17.2 finished at Thu, 22 Mar 2018 08:43:28 +0000. Datasource DataSourceNoCloud [seed=/dev/sdb][dsmode=net].  Up 34.71 seconds
[[0;32m  OK  [0m] Reached target Cloud-init target.

Ubuntu 16.04.4 LTS ubuntu-xenial ttyS0

ubuntu-xenial login: 